// Jest Snapshot v1, https://goo.gl/fbAQLP

exports[`toString 1`] = `"sold out"`;
