// Jest Snapshot v1, https://goo.gl/fbAQLP

exports[`return help 1`] = `"InsertParagraph <позиция>|end <текст параграфа>"`;
