// Jest Snapshot v1, https://goo.gl/fbAQLP

exports[`return help 1`] = `"Undo"`;
